../Core/Src/main.c:81:5:main	8	static
../Core/Src/main.c:168:6:SystemClock_Config	88	static
../Core/Src/main.c:216:13:MX_TIM2_Init	32	static
../Core/Src/main.c:261:13:MX_USART2_UART_Init	8	static
../Core/Src/main.c:294:13:MX_GPIO_Init	48	static
../Core/Src/main.c:336:6:configureTimerForRunTimeStats	4	static
../Core/Src/main.c:341:15:getRunTimeCounterValue	4	static
../Core/Src/main.c:355:6:StartDefaultTask	16	static
../Core/Src/main.c:374:6:HAL_TIM_PeriodElapsedCallback	16	static
../Core/Src/main.c:395:6:Error_Handler	4	static,ignoring_inline_asm
